// Jest Snapshot v1, https://goo.gl/fbAQLP

exports[`<App /> matches the snapshot 1`] = `
ShallowWrapper {
  "length": 1,
}
`;

exports[`<App /> mount rendering matches the snapshot 1`] = `
<App>
  <div
    className="App"
  >
    <header
      className="App-header"
    >
      <img
        alt="logo"
        className="App-logo"
        src="logo.svg"
      />
      <p>
        Edit 
        <code>
          src/App.js
        </code>
         and save to reload.
      </p>
      <h1>
        Welcome to React
      </h1>
      <h3
        className="blue"
      >
        Everyone is welcome!
      </h3>
      <a
        className="App-link"
        href="https://reactjs.org"
        rel="noopener noreferrer"
        target="_blank"
      >
        Learn React Now!
      </a>
      <p
        className="button-state"
      >
        No!
      </p>
      <button
        onClick={[Function]}
      >
        Click
      </button>
      <h2 />
      <input
        onChange={[Function]}
      />
      <p
        className="lifeCycle"
      >
        componentDidMount
      </p>
    </header>
  </div>
</App>
`;
